[    0.000000] Linux version 4.15.0-163-generic (buildd@lcy01-amd64-021) (gcc version 7.5.0 (Ubuntu 7.5.0-3ubuntu1~18.04)) #171-Ubuntu SMP Fri Nov 5 11:55:11 UTC 2021 (Ubuntu 4.15.0-163.171-generic 4.15.18)
[    0.000000] Command line: BOOT_IMAGE=/boot/vmlinuz-4.15.0-163-generic root=UUID=6cbfb61f-8e79-4adc-86c5-193cd50a6d53 ro console=tty1 console=ttyS0
[    0.000000] KERNEL supported cpus:
[    0.000000]   Intel GenuineIntel
[    0.000000]   AMD AuthenticAMD
[    0.000000]   Centaur CentaurHauls
[    0.000000] x86/fpu: Supporting XSAVE feature 0x001: 'x87 floating point registers'
[    0.000000] x86/fpu: Supporting XSAVE feature 0x002: 'SSE registers'
[    0.000000] x86/fpu: Supporting XSAVE feature 0x004: 'AVX registers'
[    0.000000] x86/fpu: xstate_offset[2]:  576, xstate_sizes[2]:  256
[    0.000000] x86/fpu: Enabled xstate features 0x7, context size is 832 bytes, using 'standard' format.
[    0.000000] e820: BIOS-provided physical RAM map:
[    0.000000] BIOS-e820: [mem 0x0000000000000000-0x000000000009fbff] usable
[    0.000000] BIOS-e820: [mem 0x000000000009fc00-0x000000000009ffff] reserved
[    0.000000] BIOS-e820: [mem 0x00000000000f0000-0x00000000000fffff] reserved
[    0.000000] BIOS-e820: [mem 0x0000000000100000-0x000000001ffeffff] usable
[    0.000000] BIOS-e820: [mem 0x000000001fff0000-0x000000001fffffff] ACPI data
[    0.000000] BIOS-e820: [mem 0x00000000fec00000-0x00000000fec00fff] reserved
[    0.000000] BIOS-e820: [mem 0x00000000fee00000-0x00000000fee00fff] reserved
[    0.000000] BIOS-e820: [mem 0x00000000fffc0000-0x00000000ffffffff] reserved
[    0.000000] NX (Execute Disable) protection: active
[    0.000000] SMBIOS 2.5 present.
[    0.000000] DMI: innotek GmbH VirtualBox/VirtualBox, BIOS VirtualBox 12/01/2006
[    0.000000] Hypervisor detected: KVM
[    0.000000] e820: last_pfn = 0x1fff0 max_arch_pfn = 0x400000000
[    0.000000] MTRR: Disabled
[    0.000000] x86/PAT: MTRRs disabled, skipping PAT initialization too.
[    0.000000] CPU MTRRs all blank - virtualized system.
[    0.000000] x86/PAT: Configuration [0-7]: WB  WT  UC- UC  WB  WT  UC- UC  
[    0.000000] found SMP MP-table at [mem 0x0009fff0-0x0009ffff]
[    0.000000] Scanning 1 areas for low memory corruption
[    0.000000] RAMDISK: [mem 0x1d9d0000-0x1edb9fff]
[    0.000000] ACPI: Early table checksum verification disabled
[    0.000000] ACPI: RSDP 0x00000000000E0000 000024 (v02 VBOX  )
[    0.000000] ACPI: XSDT 0x000000001FFF0030 00003C (v01 VBOX   VBOXXSDT 00000001 ASL  00000061)
[    0.000000] ACPI: FACP 0x000000001FFF00F0 0000F4 (v04 VBOX   VBOXFACP 00000001 ASL  00000061)
[    0.000000] ACPI: DSDT 0x000000001FFF0470 002325 (v02 VBOX   VBOXBIOS 00000002 INTL 20100528)
[    0.000000] ACPI: FACS 0x000000001FFF0200 000040
[    0.000000] ACPI: FACS 0x000000001FFF0200 000040
[    0.000000] ACPI: APIC 0x000000001FFF0240 000054 (v02 VBOX   VBOXAPIC 00000001 ASL  00000061)
[    0.000000] ACPI: SSDT 0x000000001FFF02A0 0001CC (v01 VBOX   VBOXCPUT 00000002 INTL 20100528)
[    0.000000] ACPI: Reserving FACP table memory at [mem 0x1fff00f0-0x1fff01e3]
[    0.000000] ACPI: Reserving DSDT table memory at [mem 0x1fff0470-0x1fff2794]
[    0.000000] ACPI: Reserving FACS table memory at [mem 0x1fff0200-0x1fff023f]
[    0.000000] ACPI: Reserving FACS table memory at [mem 0x1fff0200-0x1fff023f]
[    0.000000] ACPI: Reserving APIC table memory at [mem 0x1fff0240-0x1fff0293]
[    0.000000] ACPI: Reserving SSDT table memory at [mem 0x1fff02a0-0x1fff046b]
[    0.000000] No NUMA configuration found
[    0.000000] Faking a node at [mem 0x0000000000000000-0x000000001ffeffff]
[    0.000000] NODE_DATA(0) allocated [mem 0x1ffc5000-0x1ffeffff]
[    0.000000] kvm-clock: cpu 0, msr 0:1ff44001, primary cpu clock
[    0.000000] kvm-clock: Using msrs 4b564d01 and 4b564d00
[    0.000000] kvm-clock: using sched offset of 11272358075 cycles
[    0.000000] clocksource: kvm-clock: mask: 0xffffffffffffffff max_cycles: 0x1cd42e4dffb, max_idle_ns: 881590591483 ns
[    0.000000] Zone ranges:
[    0.000000]   DMA      [mem 0x0000000000001000-0x0000000000ffffff]
[    0.000000]   DMA32    [mem 0x0000000001000000-0x000000001ffeffff]
[    0.000000]   Normal   empty
[    0.000000]   Device   empty
[    0.000000] Movable zone start for each node
[    0.000000] Early memory node ranges
[    0.000000]   node   0: [mem 0x0000000000001000-0x000000000009efff]
[    0.000000]   node   0: [mem 0x0000000000100000-0x000000001ffeffff]
[    0.000000] Reserved but unavailable: 104 pages
[    0.000000] Initmem setup node 0 [mem 0x0000000000001000-0x000000001ffeffff]
[    0.000000] ACPI: PM-Timer IO Port: 0x4008
[    0.000000] IOAPIC[0]: apic_id 1, version 32, address 0xfec00000, GSI 0-23
[    0.000000] ACPI: INT_SRC_OVR (bus 0 bus_irq 0 global_irq 2 dfl dfl)
[    0.000000] ACPI: INT_SRC_OVR (bus 0 bus_irq 9 global_irq 9 low level)
[    0.000000] Using ACPI (MADT) for SMP configuration information
[    0.000000] smpboot: Allowing 1 CPUs, 0 hotplug CPUs
[    0.000000] PM: Registered nosave memory: [mem 0x00000000-0x00000fff]
[    0.000000] PM: Registered nosave memory: [mem 0x0009f000-0x0009ffff]
[    0.000000] PM: Registered nosave memory: [mem 0x000a0000-0x000effff]
[    0.000000] PM: Registered nosave memory: [mem 0x000f0000-0x000fffff]
[    0.000000] e820: [mem 0x20000000-0xfebfffff] available for PCI devices
[    0.000000] Booting paravirtualized kernel on KVM
[    0.000000] clocksource: refined-jiffies: mask: 0xffffffff max_cycles: 0xffffffff, max_idle_ns: 7645519600211568 ns
[    0.000000] random: get_random_bytes called from start_kernel+0x99/0x500 with crng_init=0
[    0.000000] setup_percpu: NR_CPUS:8192 nr_cpumask_bits:1 nr_cpu_ids:1 nr_node_ids:1
[    0.000000] percpu: Embedded 45 pages/cpu s147456 r8192 d28672 u2097152
[    0.000000] PV qspinlock hash table entries: 256 (order: 0, 4096 bytes)
[    0.000000] Built 1 zonelists, mobility grouping on.  Total pages: 128889
[    0.000000] Policy zone: DMA32
[    0.000000] Kernel command line: BOOT_IMAGE=/boot/vmlinuz-4.15.0-163-generic root=UUID=6cbfb61f-8e79-4adc-86c5-193cd50a6d53 ro console=tty1 console=ttyS0
[    0.000000] Memory: 465928K/523832K available (12300K kernel code, 2483K rwdata, 4320K rodata, 2448K init, 2724K bss, 57904K reserved, 0K cma-reserved)
[    0.000000] SLUB: HWalign=64, Order=0-3, MinObjects=0, CPUs=1, Nodes=1
[    0.000000] Kernel/User page tables isolation: enabled
[    0.000000] ftrace: allocating 39476 entries in 155 pages
[    0.004000] Hierarchical RCU implementation.
[    0.004000] 	RCU restricting CPUs from NR_CPUS=8192 to nr_cpu_ids=1.
[    0.004000] 	Tasks RCU enabled.
[    0.004000] RCU: Adjusting geometry for rcu_fanout_leaf=16, nr_cpu_ids=1
[    0.004000] NR_IRQS: 524544, nr_irqs: 256, preallocated irqs: 16
[    0.004000] Console: colour VGA+ 80x25
[    0.004000] console [tty1] enabled
[    0.004000] console [ttyS0] enabled
[    0.004000] ACPI: Core revision 20170831
[    0.004000] ACPI: 2 ACPI AML tables successfully acquired and loaded
[    0.004000] APIC: Switch to symmetric I/O mode setup
[    0.004872] x2apic enabled
[    0.008000] Switched APIC routing to physical x2apic.
[    0.012000] ..TIMER: vector=0x30 apic1=0 pin1=2 apic2=-1 pin2=-1
[    0.012009] tsc: Detected 2693.772 MHz processor
[    0.016019] Calibrating delay loop (skipped) preset value.. 5387.54 BogoMIPS (lpj=10775088)
[    0.020012] pid_max: default: 32768 minimum: 301
[    0.024135] Security Framework initialized
[    0.026739] Yama: becoming mindful.
[    0.028099] AppArmor: AppArmor initialized
[    0.032466] Dentry cache hash table entries: 65536 (order: 7, 524288 bytes)
[    0.036118] Inode-cache hash table entries: 32768 (order: 6, 262144 bytes)
[    0.040053] Mount-cache hash table entries: 1024 (order: 1, 8192 bytes)
[    0.044000] Mountpoint-cache hash table entries: 1024 (order: 1, 8192 bytes)
[    0.045105] process: using mwait in idle threads
[    0.048026] Last level iTLB entries: 4KB 64, 2MB 8, 4MB 8
[    0.052011] Last level dTLB entries: 4KB 64, 2MB 0, 4MB 0, 1GB 4
[    0.056012] Spectre V1 : Mitigation: usercopy/swapgs barriers and __user pointer sanitization
[    0.060017] Spectre V2 : Mitigation: Full generic retpoline
[    0.064042] Spectre V2 : Spectre v2 / SpectreRSB mitigation: Filling RSB on context switch
[    0.068009] Speculative Store Bypass: Vulnerable
[    0.072090] SRBDS: Unknown: Dependent on hypervisor status
[    0.076008] MDS: Mitigation: Clear CPU buffers
[    0.110864] Freeing SMP alternatives memory: 36K
[    0.227875] smpboot: CPU0: Intel(R) Core(TM) i7-5700HQ CPU @ 2.70GHz (family: 0x6, model: 0x47, stepping: 0x1)
[    0.228219] Performance Events: unsupported p6 CPU model 71 no PMU driver, software events only.
[    0.232132] Hierarchical SRCU implementation.
[    0.240465] NMI watchdog: Perf event create on CPU 0 failed with -2
[    0.244000] NMI watchdog: Perf NMI watchdog permanently disabled
[    0.244160] smp: Bringing up secondary CPUs ...
[    0.248010] smp: Brought up 1 node, 1 CPU
[    0.250504] smpboot: Max logical packages: 1
[    0.252011] smpboot: Total of 1 processors activated (5387.54 BogoMIPS)
[    0.256349] devtmpfs: initialized
[    0.260217] x86/mm: Memory block size: 128MB
[    0.263467] evm: security.selinux
[    0.264016] evm: security.SMACK64
[    0.266200] evm: security.SMACK64EXEC
[    0.268009] evm: security.SMACK64TRANSMUTE
[    0.272026] evm: security.SMACK64MMAP
[    0.276011] evm: security.apparmor
[    0.278280] evm: security.ima
[    0.280008] evm: security.capability
[    0.284529] clocksource: jiffies: mask: 0xffffffff max_cycles: 0xffffffff, max_idle_ns: 7645041785100000 ns
[    0.288049] futex hash table entries: 256 (order: 2, 16384 bytes)
[    0.292118] pinctrl core: initialized pinctrl subsystem
[    0.296367] RTC time: 12:17:41, date: 12/03/21
[    0.300319] NET: Registered protocol family 16
[    0.304456] audit: initializing netlink subsys (disabled)
[    0.308517] cpuidle: using governor ladder
[    0.311191] cpuidle: using governor menu
[    0.312019] audit: type=2000 audit(1638533874.079:1): state=initialized audit_enabled=0 res=1
[    0.316250] ACPI: bus type PCI registered
[    0.320007] acpiphp: ACPI Hot Plug PCI Controller Driver version: 0.5
[    0.324346] PCI: Using configuration type 1 for base access
[    0.337138] HugeTLB registered 2.00 MiB page size, pre-allocated 0 pages
[    0.340442] ACPI: Added _OSI(Module Device)
[    0.343030] ACPI: Added _OSI(Processor Device)
[    0.344019] ACPI: Added _OSI(3.0 _SCP Extensions)
[    0.348010] ACPI: Added _OSI(Processor Aggregator Device)
[    0.352038] ACPI: Added _OSI(Linux-Dell-Video)
[    0.356019] ACPI: Added _OSI(Linux-Lenovo-NV-HDMI-Audio)
[    0.360016] ACPI: Added _OSI(Linux-HPI-Hybrid-Graphics)
[    0.365007] ACPI: Executed 1 blocks of module-level executable AML code
[    0.402634] ACPI: Interpreter enabled
[    0.404057] ACPI: (supports S0 S5)
[    0.406305] ACPI: Using IOAPIC for interrupt routing
[    0.409663] PCI: Using host bridge windows from ACPI; if necessary, use "pci=nocrs" and report a bug
[    0.412882] ACPI: Enabled 2 GPEs in block 00 to 07
[    0.454781] ACPI: PCI Root Bridge [PCI0] (domain 0000 [bus 00-ff])
[    0.456030] acpi PNP0A03:00: _OSC: OS supports [ASPM ClockPM Segments MSI]
[    0.466847] acpi PNP0A03:00: _OSC: not requesting OS control; OS requires [ExtendedConfig ASPM ClockPM MSI]
[    0.468060] acpi PNP0A03:00: fail to add MMCONFIG information, can't access extended PCI configuration space under this bridge.
[    0.477695] PCI host bridge to bus 0000:00
[    0.480013] pci_bus 0000:00: root bus resource [io  0x0000-0x0cf7 window]
[    0.484013] pci_bus 0000:00: root bus resource [io  0x0d00-0xffff window]
[    0.488018] pci_bus 0000:00: root bus resource [mem 0x000a0000-0x000bffff window]
[    0.492016] pci_bus 0000:00: root bus resource [mem 0x20000000-0xfdffffff window]
[    0.496010] pci_bus 0000:00: root bus resource [bus 00-ff]
[    0.508160] pci 0000:00:01.1: legacy IDE quirk: reg 0x10: [io  0x01f0-0x01f7]
[    0.512015] pci 0000:00:01.1: legacy IDE quirk: reg 0x14: [io  0x03f6]
[    0.515925] pci 0000:00:01.1: legacy IDE quirk: reg 0x18: [io  0x0170-0x0177]
[    0.516018] pci 0000:00:01.1: legacy IDE quirk: reg 0x1c: [io  0x0376]
[    0.547715] pci 0000:00:07.0: quirk: [io  0x4000-0x403f] claimed by PIIX4 ACPI
[    0.552010] pci 0000:00:07.0: quirk: [io  0x4100-0x410f] claimed by PIIX4 SMB
[    0.574455] ACPI: PCI Interrupt Link [LNKA] (IRQs 5 9 10 *11)
[    0.580170] ACPI: PCI Interrupt Link [LNKB] (IRQs 5 9 *10 11)
[    0.584521] ACPI: PCI Interrupt Link [LNKC] (IRQs 5 *9 10 11)
[    0.588544] ACPI: PCI Interrupt Link [LNKD] (IRQs 5 9 10 *11)
[    0.593525] SCSI subsystem initialized
[    0.596264] pci 0000:00:02.0: vgaarb: setting as boot VGA device
[    0.600000] pci 0000:00:02.0: vgaarb: VGA device added: decodes=io+mem,owns=io+mem,locks=none
[    0.600016] pci 0000:00:02.0: vgaarb: bridge control possible
[    0.604010] vgaarb: loaded
[    0.608112] ACPI: bus type USB registered
[    0.610651] usbcore: registered new interface driver usbfs
[    0.612045] usbcore: registered new interface driver hub
[    0.616034] usbcore: registered new device driver usb
[    0.620173] EDAC MC: Ver: 3.0.0
[    0.624874] PCI: Using ACPI for IRQ routing
[    0.629100] NetLabel: Initializing
[    0.631428] NetLabel:  domain hash size = 128
[    0.632007] NetLabel:  protocols = UNLABELED CIPSOv4 CALIPSO
[    0.636060] NetLabel:  unlabeled traffic allowed by default
[    0.640451] clocksource: Switched to clocksource kvm-clock
[    0.764557] VFS: Disk quotas dquot_6.6.0
[    0.767166] VFS: Dquot-cache hash table entries: 512 (order 0, 4096 bytes)
[    0.771702] AppArmor: AppArmor Filesystem Enabled
[    0.774707] pnp: PnP ACPI init
[    0.782235] pnp: PnP ACPI: found 3 devices
[    0.794541] clocksource: acpi_pm: mask: 0xffffff max_cycles: 0xffffff, max_idle_ns: 2085701024 ns
[    0.800487] NET: Registered protocol family 2
[    0.803300] IP idents hash table entries: 8192 (order: 4, 65536 bytes)
[    0.807829] TCP established hash table entries: 4096 (order: 3, 32768 bytes)
[    0.812263] TCP bind hash table entries: 4096 (order: 4, 65536 bytes)
[    0.816143] TCP: Hash tables configured (established 4096 bind 4096)
[    0.820434] UDP hash table entries: 256 (order: 1, 8192 bytes)
[    0.824017] UDP-Lite hash table entries: 256 (order: 1, 8192 bytes)
[    0.828055] NET: Registered protocol family 1
[    0.830877] pci 0000:00:00.0: Limiting direct PCI/PCI transfers
[    0.834906] pci 0000:00:01.0: Activating ISA DMA hang workarounds
[    0.839413] pci 0000:00:02.0: Video device with shadowed ROM at [mem 0x000c0000-0x000dffff]
[    0.845067] Unpacking initramfs...
[    2.950471] Freeing initrd memory: 20392K
[    2.954219] clocksource: tsc: mask: 0xffffffffffffffff max_cycles: 0x26d4431491f, max_idle_ns: 440795273767 ns
[    2.961616] platform rtc_cmos: registered platform RTC device (no PNP device found)
[    2.967647] Scanning for low memory corruption every 60 seconds
[    2.974625] Initialise system trusted keyrings
[    2.978388] Key type blacklist registered
[    2.981269] workingset: timestamp_bits=36 max_order=17 bucket_order=0
[    2.991058] zbud: loaded
[    2.994867] squashfs: version 4.0 (2009/01/31) Phillip Lougher
[    2.999122] fuse init (API version 7.26)
[    3.036533] Key type asymmetric registered
[    3.039338] Asymmetric key parser 'x509' registered
[    3.042716] Block layer SCSI generic (bsg) driver version 0.4 loaded (major 246)
[    3.047693] io scheduler noop registered
[    3.050306] io scheduler deadline registered
[    3.053199] io scheduler cfq registered (default)
[    3.056949] ACPI: AC Adapter [AC] (on-line)
[    3.059886] input: Power Button as /devices/LNXSYSTM:00/LNXPWRBN:00/input/input0
[    3.065197] ACPI: Power Button [PWRF]
[    3.067885] input: Sleep Button as /devices/LNXSYSTM:00/LNXSLPBN:00/input/input1
[    3.072884] ACPI: Sleep Button [SLPF]
[    3.080437] Serial: 8250/16550 driver, 32 ports, IRQ sharing enabled
[    3.107131] ACPI: Battery Slot [BAT0] (battery present)
[    3.111272] 00:02: ttyS0 at I/O 0x3f8 (irq = 4, base_baud = 115200) is a 16550A
[    3.123244] Linux agpgart interface v0.103
[    3.131746] loop: module loaded
[    3.135963] scsi host0: ata_piix
[    3.138608] scsi host1: ata_piix
[    3.140936] ata1: PATA max UDMA/33 cmd 0x1f0 ctl 0x3f6 bmdma 0xd000 irq 14
[    3.145086] ata2: PATA max UDMA/33 cmd 0x170 ctl 0x376 bmdma 0xd008 irq 15
[    3.151002] libphy: Fixed MDIO Bus: probed
[    3.154165] tun: Universal TUN/TAP device driver, 1.6
[    3.157418] PPP generic driver version 2.4.2
[    3.160561] ehci_hcd: USB 2.0 'Enhanced' Host Controller (EHCI) Driver
[    3.165599] ehci-pci: EHCI PCI platform driver
[    3.169640] ehci-platform: EHCI generic platform driver
[    3.174368] ohci_hcd: USB 1.1 'Open' Host Controller (OHCI) Driver
[    3.179872] ohci-pci: OHCI PCI platform driver
[    3.182790] ohci-platform: OHCI generic platform driver
[    3.186046] uhci_hcd: USB Universal Host Controller Interface driver
[    3.190571] i8042: PNP: PS/2 Controller [PNP0303:PS2K,PNP0f03:PS2M] at 0x60,0x64 irq 1,12
[    3.197051] serio: i8042 KBD port at 0x60,0x64 irq 1
[    3.200147] serio: i8042 AUX port at 0x60,0x64 irq 12
[    3.203642] mousedev: PS/2 mouse device common for all mice
[    3.208043] input: AT Translated Set 2 keyboard as /devices/platform/i8042/serio0/input/input2
[    3.214040] rtc_cmos rtc_cmos: rtc core: registered rtc_cmos as rtc0
[    3.218821] rtc_cmos rtc_cmos: alarms up to one day, 114 bytes nvram
[    3.222694] i2c /dev entries driver
[    3.225172] device-mapper: uevent: version 1.0.3
[    3.228254] device-mapper: ioctl: 4.37.0-ioctl (2017-09-20) initialised: dm-devel@redhat.com
[    3.232063] ledtrig-cpu: registered to indicate activity on CPUs
[    3.238222] NET: Registered protocol family 10
[    3.254675] Segment Routing with IPv6
[    3.257339] NET: Registered protocol family 17
[    3.260550] Key type dns_resolver registered
[    3.265384] mce: Using 0 MCE banks
[    3.268132] RAS: Correctable Errors collector initialized.
[    3.271669] sched_clock: Marking stable (3271586086, 0)->(4013285416, -741699330)
[    3.277368] registered taskstats version 1
[    3.281156] Loading compiled-in X.509 certificates
[    3.292729] Loaded X.509 cert 'Build time autogenerated kernel key: f60a4c8d126e94dbf36c5faa43fb49029eeea9a9'
[    3.302283] Loaded X.509 cert 'Canonical Ltd. Live Patch Signing: 14df34d1a87cf37625abec039ef2bf521249b969'
[    3.343583] Loaded X.509 cert 'Canonical Ltd. Kernel Module Signing: 88f752e560a1e0737e31163a466ad7b70a850c19'
[    3.349988] zswap: loaded using pool lzo/zbud
[    3.365723] Key type big_key registered
[    3.368306] Key type trusted registered
[    3.377103] Key type encrypted registered
[    3.379690] AppArmor: AppArmor sha1 policy hashing enabled
[    3.384944] ima: No TPM chip found, activating TPM-bypass! (rc=-19)
[    3.389804] ima: Allocated hash algorithm: sha1
[    3.393414] evm: HMAC attrs: 0x1
[    3.397537]   Magic number: 1:254:278
[    3.400267] tty tty15: hash matches
[    3.402916] rtc_cmos rtc_cmos: setting system clock to 2021-12-03 12:17:44 UTC (1638533864)
[    3.417176] BIOS EDD facility v0.16 2004-Jun-25, 0 devices found
[    3.420645] EDD information not available.
[    3.443764] Freeing unused kernel image memory: 2448K
[    3.452087] Write protecting the kernel read-only data: 20480k
[    3.457578] Freeing unused kernel image memory: 2008K
[    3.461644] Freeing unused kernel image memory: 1824K
[    3.538365] x86/mm: Checked W+X mappings: passed, no W+X pages found.
[    3.543114] x86/mm: Checking user space page tables
[    3.626382] x86/mm: Checked W+X mappings: passed, no W+X pages found.
Loading, please wait...
starting version 237
[    4.074081] e1000: Intel(R) PRO/1000 Network Driver - version 7.3.21-k8-NAPI
[    4.078439] e1000: Copyright (c) 1999-2006 Intel Corporation.
[    4.087856] Fusion MPT base driver 3.04.20
[    4.090624] Copyright (c) 1999-2008 LSI Corporation
[    4.227587] Fusion MPT SPI Host driver 3.04.20
[    4.294831] AVX2 version of gcm_enc/dec engaged.
[    4.298053] AES CTR mode by8 optimization enabled
[    4.321319] input: ImExPS/2 Generic Explorer Mouse as /devices/platform/i8042/serio1/input/input4
[    4.932765] e1000 0000:00:03.0 eth0: (PCI:33MHz:32-bit) 02:2d:44:18:82:0e
[    4.936682] e1000 0000:00:03.0 eth0: Intel(R) PRO/1000 Network Connection
[    4.947800] e1000 0000:00:03.0 enp0s3: renamed from eth0
[    4.956482] mptbase: ioc0: Initiating bringup
[    5.053610] ioc0: LSI53C1030 A0: Capabilities={Initiator}
[    5.299495] scsi host2: ioc0: LSI53C1030 A0, FwRev=00000000h, Ports=1, MaxQ=256, IRQ=20
[    5.473783] random: fast init done
[    5.476279] scsi 2:0:0:0: Direct-Access     VBOX     HARDDISK         1.0  PQ: 0 ANSI: 5
[    5.481513] random: systemd-udevd: uninitialized urandom read (16 bytes read)
[    5.485980] scsi target2:0:0: Beginning Domain Validation
[    5.489621] random: systemd-udevd: uninitialized urandom read (16 bytes read)
[    5.494917] random: systemd-udevd: uninitialized urandom read (16 bytes read)
[    5.502123] scsi target2:0:0: Domain Validation skipping write tests
[    5.506386] scsi target2:0:0: Ending Domain Validation
[    5.510686] scsi target2:0:0: asynchronous
[    5.515093] scsi 2:0:1:0: Direct-Access     VBOX     HARDDISK         1.0  PQ: 0 ANSI: 5
[    5.520279] scsi target2:0:1: Beginning Domain Validation
[    5.526592] scsi target2:0:1: Domain Validation skipping write tests
[    5.530768] scsi target2:0:1: Ending Domain Validation
[    5.534205] scsi target2:0:1: asynchronous
[    5.558953] sd 2:0:0:0: [sda] 83886080 512-byte logical blocks: (42.9 GB/40.0 GiB)
[    5.564619] sd 2:0:0:0: Attached scsi generic sg0 type 0
[    5.568411] sd 2:0:0:0: [sda] Write Protect is off
[    5.573216] sd 2:0:1:0: [sdb] 20480 512-byte logical blocks: (10.5 MB/10.0 MiB)
[    5.578162] sd 2:0:1:0: Attached scsi generic sg1 type 0
[    5.581731] sd 2:0:0:0: [sda] Incomplete mode parameter data
[    5.585319] sd 2:0:0:0: [sda] Assuming drive cache: write through
[    5.588972] sd 2:0:1:0: [sdb] Write Protect is off
[    5.592838] sd 2:0:1:0: [sdb] Incomplete mode parameter data
[    5.596752] sd 2:0:1:0: [sdb] Assuming drive cache: write through
[    5.619776]  sda: sda1
[    5.623628] sd 2:0:0:0: [sda] Attached SCSI disk
[    5.673589] sd 2:0:1:0: [sdb] Attached SCSI disk
Begin: Loading essential drivers ... [    8.760116] raid6: sse2x1   gen()  1298 MB/s
[    8.808094] raid6: sse2x1   xor()   859 MB/s
[    8.856105] raid6: sse2x2   gen()  2635 MB/s
[    8.904076] raid6: sse2x2   xor()  1356 MB/s
[    8.952118] raid6: sse2x4   gen()  3267 MB/s
[    9.000079] raid6: sse2x4   xor()  1817 MB/s
[    9.048111] raid6: avx2x1   gen()  2613 MB/s
[    9.096142] raid6: avx2x1   xor()  1391 MB/s
[    9.144151] raid6: avx2x2   gen()  4527 MB/s
[    9.192122] raid6: avx2x2   xor()  2525 MB/s
[    9.240100] raid6: avx2x4   gen()  5694 MB/s
[    9.288097] raid6: avx2x4   xor()  3604 MB/s
[    9.290844] raid6: using algorithm avx2x4 gen() 5694 MB/s
[    9.294276] raid6: .... xor() 3604 MB/s, rmw enabled
[    9.297382] raid6: using avx2x2 recovery algorithm
[    9.305466] xor: automatically using best checksumming function   avx       
[    9.315162] async_tx: api initialized (async)
done.
Begin: Running /scripts/init-premount ... done.
Begin: Mounting root file system ... Begin: Running /scripts/local-top ... done.
Begin: Running /scripts/local-premount ... [    9.558349] Btrfs loaded, crc32c=crc32c-intel
Scanning for Btrfs filesystems
done.
Begin: Will now check root file system ... fsck from util-linux 2.31.1
[/sbin/fsck.ext4 (1) -- /dev/sda1] fsck.ext4 -a -C0 /dev/sda1 
cloudimg-rootfs: clean, 102479/5120000 files, 766421/10485499 blocks
done.
[    9.994804] EXT4-fs (sda1): mounted filesystem with ordered data mode. Opts: (null)
done.
Begin: Running /scripts/local-bottom ... done.
Begin: Running /scripts/init-bottom ... done.
[   11.250658] random: crng init done
[   11.253023] random: 7 urandom warning(s) missed due to ratelimiting
[   13.866425] ip_tables: (C) 2000-2006 Netfilter Core Team
[   14.109785] systemd[1]: systemd 237 running in system mode. (+PAM +AUDIT +SELINUX +IMA +APPARMOR +SMACK +SYSVINIT +UTMP +LIBCRYPTSETUP +GCRYPT +GNUTLS +ACL +XZ +LZ4 +SECCOMP +BLKID +ELFUTILS +KMOD -IDN2 +IDN -PCRE2 default-hierarchy=hybrid)
[   14.124653] systemd[1]: Detected virtualization oracle.
[   14.129439] systemd[1]: Detected architecture x86-64.

Welcome to [1mUbuntu 18.04.6 LTS[0m!

[   14.228674] systemd[1]: Set hostname to <ubuntu-bionic>.
[   19.186783] systemd[1]: Created slice User and Session Slice.
[[0;32m  OK  [0m] Created slice User and Session Slice.
[   19.193692] systemd[1]: Reached target Swap.
[[0;32m  OK  [0m] Reached target Swap.
[   19.200393] systemd[1]: Created slice System Slice.
[[0;32m  OK  [0m] Created slice System Slice.
[   19.205698] systemd[1]: Listening on udev Control Socket.
[[0;32m  OK  [0m] Listening on udev Control Socket.
[   19.211292] systemd[1]: Reached target User and Group Name Lookups.
[[0;32m  OK  [0m] Reached target User and Group Name Lookups.
[   19.220466] systemd[1]: Created slice system-serial\x2dgetty.slice.
[[0;32m  OK  [0m] Created slice system-serial\x2dgetty.slice.
[   19.228819] systemd[1]: Reached target Slices.
[[0;32m  OK  [0m] Reached target Slices.
[   19.233915] systemd[1]: Listening on Network Service Netlink Socket.
[[0;32m  OK  [0m] Listening on Network Service Netlink Socket.
[   19.240639] systemd[1]: Listening on Journal Socket (/dev/log).
[[0;32m  OK  [0m] Listening on Journal Socket (/dev/log).
[   19.247851] systemd[1]: Listening on LVM2 poll daemon socket.
[[0;32m  OK  [0m] Listening on LVM2 poll daemon socket.
[[0;32m  OK  [0m] Listening on Journal Socket.
         Mounting Huge Pages File System...
         Starting Create list of required stâ€¦ce nodes for the current kernel...
[[0;32m  OK  [0m] Set up automount Arbitrary Executabâ€¦rmats File System Automount Point.
[[0;32m  OK  [0m] Listening on /dev/initctl Compatibility Named Pipe.
[[0;32m  OK  [0m] Reached target System Time Synchronized.
[[0;32m  OK  [0m] Listening on LVM2 metadata daemon socket.
[[0;32m  OK  [0m] Listening on Device-mapper event daemon FIFOs.
         Starting Load Kernel Modules...
         Mounting Kernel Debug File System...
[[0;32m  OK  [0m] Listening on udev Kernel Socket.
         Starting udev Coldplug all Devices...
         Starting Set the console keyboard layout...
         Starting Uncomplicated firewall...
[[0;32m  OK  [0m] Listening on Syslog Socket.
[[0;32m  OK  [0m] Started Forward Password Requests to Wall Directory Watch.
[[0;32m  OK  [0m] Listening on Journal Audit Socket.
         Starting Journal Service...
[[0;32m  OK  [0m] Listening on fsck to fsckd communication Socket.
         Starting Remount Root and Kernel File Systems...
         Starting Monitoring of LVM2 mirrorsâ€¦ng dmeventd or progress polling...
         Mounting POSIX Message Queue File System...
[[0;32m  OK  [0m] Created slice system-postgresql.slice.
[[0;32m  OK  [0m] Mounted Huge Pages File System.
[[0;32m  OK  [0m] Started Create list of required staâ€¦vice nodes for the current kernel.
[[0;32m  OK  [0m] Mounted Kernel Debug File System.
[[0;32m  OK  [0m] Started Uncomplicated firewall.
[[0;32m  OK  [0m] Mounted POSIX Message Queue File System.
         Starting Create Static Device Nodes in /dev...
[   19.777545] Loading iSCSI transport class v2.0-870.
[[0;32m  OK  [0m] Started udev Coldplug all Devices.
[   20.049431] iscsi: registered transport (tcp)
[   20.076821] EXT4-fs (sda1): re-mounted. Opts: (null)
[[0;32m  OK  [0m] Started Remount Root and Kernel File Systems.
         Starting Load/Save Random Seed...
[[0;32m  OK  [0m] Started Journal Service.
         Starting Flush Journal to Persistent Storage...
[   20.682095] systemd-journald[418]: Received request to flush runtime journal from PID 1
[[0;32m  OK  [0m] Started Set the console keyboard layout.
[[0;32m  OK  [0m] Started Load/Save Random Seed.
[[0;32m  OK  [0m] Started LVM2 metadata daemon.
[   21.935247] iscsi: registered transport (iser)
[[0;32m  OK  [0m] Started Load Kernel Modules.
         Mounting Kernel Configuration File System...
         Starting Apply Kernel Variables...
         Mounting FUSE Control File System...
[[0;32m  OK  [0m] Mounted Kernel Configuration File System.
[[0;32m  OK  [0m] Mounted FUSE Control File System.
[[0;32m  OK  [0m] Started Create Static Device Nodes in /dev.
         Starting udev Kernel Device Manager...
[[0;32m  OK  [0m] Started Monitoring of LVM2 mirrors,â€¦sing dmeventd or progress polling.
[[0;32m  OK  [0m] Reached target Local File Systems (Pre).
[[0;32m  OK  [0m] Reached target Local File Systems.
         Starting AppArmor initialization...
         Starting ebtables ruleset management...
         Starting Tell Plymouth To Write Out Runtime Data...
         Starting Set console font and keymap...
[[0;32m  OK  [0m] Started Apply Kernel Variables.
[[0;32m  OK  [0m] Started Set console font and keymap.
[[0;32m  OK  [0m] Started Tell Plymouth To Write Out Runtime Data.
[[0;32m  OK  [0m] Started udev Kernel Device Manager.
[[0;32m  OK  [0m] Started Dispatch Password Requests to Console Directory Watch.
[[0;32m  OK  [0m] Reached target Local Encrypted Volumes.
[[0;32m  OK  [0m] Started ebtables ruleset management.
[[0;32m  OK  [0m] Started Flush Journal to Persistent Storage.
         Starting Create Volatile Files and Directories...
[[0;32m  OK  [0m] Found device /dev/ttyS0.
[[0;32m  OK  [0m] Started Create Volatile Files and Directories.
         Starting Update UTMP about System Boot/Shutdown...
[[0;32m  OK  [0m] Listening on Load/Save RF Kill Switch Status /dev/rfkill Watch.
[[0;32m  OK  [0m] Started Update UTMP about System Boot/Shutdown.
[[0;32m  OK  [0m] Started AppArmor initialization.
         Starting Load AppArmor profiles managed internally by snapd...
         Starting Initial cloud-init job (pre-networking)...
[[0;32m  OK  [0m] Started Load AppArmor profiles managed internally by snapd.
[   41.985854] cloud-init[555]: Cloud-init v. 21.2-3-g899bfaa9-0ubuntu2~18.04.1 running 'init-local' at Fri, 03 Dec 2021 12:18:21 +0000. Up 40.79 seconds.
[[0;32m  OK  [0m] Started Initial cloud-init job (pre-networking).
[[0;32m  OK  [0m] Reached target Network (Pre).
         Starting Network Service...
[[0;32m  OK  [0m] Started Network Service.
         Starting Network Name Resolution...
         Starting Wait for Network to be Configured...
[[0;32m  OK  [0m] Started Network Name Resolution.
[[0;32m  OK  [0m] Reached target Network.
[[0;32m  OK  [0m] Reached target Host and Network Name Lookups.
[[0;32m  OK  [0m] Started Wait for Network to be Configured.
         Starting Initial cloud-init job (metadata service crawler)...
[   47.168566] cloud-init[676]: Cloud-init v. 21.2-3-g899bfaa9-0ubuntu2~18.04.1 running 'init' at Fri, 03 Dec 2021 12:18:27 +0000. Up 46.36 seconds.
[   47.186565] cloud-init[676]: ci-info: ++++++++++++++++++++++++++++++++++++++Net device info++++++++++++++++++++++++++++++++++++++
[   47.200512] cloud-init[676]: ci-info: +--------+------+----------------------------+---------------+--------+-------------------+
[   47.206890] cloud-init[676]: ci-info: | Device |  Up  |          Address           |      Mask     | Scope  |     Hw-Address    |
[   47.211942] cloud-init[676]: ci-info: +--------+------+----------------------------+---------------+--------+-------------------+
[   47.221285] cloud-init[676]: ci-info: | enp0s3 | True |         10.0.2.15          | 255.255.255.0 | global | 02:2d:44:18:82:0e |
[   47.235627] cloud-init[676]: ci-info: | enp0s3 | True | fe80::2d:44ff:fe18:820e/64 |       .       |  link  | 02:2d:44:18:82:0e |
[   47.241933] cloud-init[676]: ci-info: |   lo   | True |         127.0.0.1          |   255.0.0.0   |  host  |         .         |
[   47.249639] cloud-init[676]: ci-info: |   lo   | True |          ::1/128           |       .       |  host  |         .         |
[   47.256529] cloud-init[676]: ci-info: +--------+------+----------------------------+---------------+--------+-------------------+
[   47.262329] cloud-init[676]: ci-info: ++++++++++++++++++++++++++++Route IPv4 info+++++++++++++++++++++++++++++
[   47.267398] cloud-init[676]: ci-info: +-------+-------------+----------+-----------------+-----------+-------+
[   47.273340] cloud-init[676]: ci-info: | Route | Destination | Gateway  |     Genmask     | Interface | Flags |
[   47.279255] cloud-init[676]: ci-info: +-------+-------------+----------+-----------------+-----------+-------+
[   47.286245] cloud-init[676]: ci-info: |   0   |   0.0.0.0   | 10.0.2.2 |     0.0.0.0     |   enp0s3  |   UG  |
[   47.304481] cloud-init[676]: ci-info: |   1   |   10.0.2.0  | 0.0.0.0  |  255.255.255.0  |   enp0s3  |   U   |
[   47.317219] cloud-init[676]: ci-info: |   2   |   10.0.2.2  | 0.0.0.0  | 255.255.255.255 |   enp0s3  |   UH  |
[   47.330456] cloud-init[676]: ci-info: +-------+-------------+----------+-----------------+-----------+-------+
[   47.335437] cloud-init[676]: ci-info: +++++++++++++++++++Route IPv6 info+++++++++++++++++++
[   47.347308] cloud-init[676]: ci-info: +-------+-------------+---------+-----------+-------+
[   47.356606] cloud-init[676]: ci-info: | Route | Destination | Gateway | Interface | Flags |
[   47.366102] cloud-init[676]: ci-info: +-------+-------------+---------+-----------+-------+
[   47.374654] cloud-init[676]: ci-info: |   1   |  fe80::/64  |    ::   |   enp0s3  |   U   |
[   47.388204] cloud-init[676]: ci-info: |   3   |    local    |    ::   |   enp0s3  |   U   |
[   47.395339] cloud-init[676]: ci-info: |   4   |   ff00::/8  |    ::   |   enp0s3  |   U   |
[   47.411356] cloud-init[676]: ci-info: +-------+-------------+---------+-----------+-------+
[[0;32m  OK  [0m] Started Initial cloud-init job (metadata service crawler).
[[0;32m  OK  [0m] Reached target System Initialization.
[[0;32m  OK  [0m] Listening on UUID daemon activation socket.
[[0;32m  OK  [0m] Listening on D-Bus System Message Bus Socket.
[[0;32m  OK  [0m] Started Daily Cleanup of Temporary Directories.
         Starting Socket activation for snappy daemon.
[[0;32m  OK  [0m] Listening on Open-iSCSI iscsid Socket.
         Starting LXD - unix socket.
[[0;32m  OK  [0m] Listening on ACPID Listen Socket.
[[0;32m  OK  [0m] Started Daily apt download activities.
[[0;32m  OK  [0m] Started Daily apt upgrade and clean activities.
[[0;32m  OK  [0m] Started Ubuntu Advantage update messaging.
[[0;32m  OK  [0m] Started Discard unused blocks once a week.
[[0;32m  OK  [0m] Started Message of the Day.
[[0;32m  OK  [0m] Started ACPI Events Check.
[[0;32m  OK  [0m] Reached target Paths.
[[0;32m  OK  [0m] Reached target Timers.
[[0;32m  OK  [0m] Reached target Network is Online.
         Starting Availability of block devices...
[[0;32m  OK  [0m] Reached target Remote File Systems (Pre).
[[0;32m  OK  [0m] Reached target Remote File Systems.
[[0;32m  OK  [0m] Reached target Cloud-config availability.
[[0;32m  OK  [0m] Listening on Socket activation for snappy daemon.
[[0;32m  OK  [0m] Listening on LXD - unix socket.
[[0;32m  OK  [0m] Started Availability of block devices.
[[0;32m  OK  [0m] Reached target Sockets.
[[0;32m  OK  [0m] Reached target Basic System.
[[0;32m  OK  [0m] Started Deferred execution scheduler.
[[0;32m  OK  [0m] Started irqbalance daemon.
         Starting Ubuntu Advantage APT and MOTD Messages...
         Starting Resets System Activity Data Collector...
         Starting PostgreSQL Cluster 12-main...
         Starting Dispatcher daemon for systemd-networkd...
[[0;32m  OK  [0m] Started FUSE filesystem for LXC.
         Starting LSB: automatic crash report generation...
         Starting Login Service...
         Starting Virtualbox guest utils...
         Starting Message of the Day...
         Starting OpenBSD Secure Shell server...
         Starting Accounts Service...
[[0;32m  OK  [0m] Started Regular background program processing daemon.
         Starting System Logging Service...
         Starting Permit User Sessions...
[[0;32m  OK  [0m] Started D-Bus System Message Bus.
[[0;32m  OK  [0m] Started Login Service.
[[0;32m  OK  [0m] Started Unattended Upgrades Shutdown.
         Starting LXD - container startup/shutdown...
         Starting LSB: Record successful boot for GRUB...
         Starting Snap Daemon...
[[0;32m  OK  [0m] Started Resets System Activity Data Collector.
[[0;32m  OK  [0m] Started Permit User Sessions.
         Starting Hold until boot process finishes up...
         Starting Terminate Plymouth Boot Screen...
[[0;32m  OK  [0m] Started Hold until boot process finishes up.
[[0;32m  OK  [0m] Started Terminate Plymouth Boot Screen.
[[0;32m  OK  [0m] Started Serial Getty on ttyS0.
         Starting Set console scheme...
[[0;32m  OK  [0m] Started System Logging Service.
[[0;32m  OK  [0m] Started Set console scheme.
[[0;32m  OK  [0m] Created slice system-getty.slice.
[[0;32m  OK  [0m] Started Getty on tty1.
[[0;32m  OK  [0m] Reached target Login Prompts.
[[0;32m  OK  [0m] Started LSB: automatic crash report generation.
         Starting Authorization Manager...
[[0;32m  OK  [0m] Started LSB: Record successful boot for GRUB.

Ubuntu 18.04.6 LTS ubuntu-bionic ttyS0

ubuntu-bionic login: [   83.565364] cloud-init[1358]: Cloud-init v. 21.2-3-g899bfaa9-0ubuntu2~18.04.1 running 'modules:config' at Fri, 03 Dec 2021 12:19:02 +0000. Up 81.53 seconds.
[   91.024781] cloud-init[1644]: Cloud-init v. 21.2-3-g899bfaa9-0ubuntu2~18.04.1 running 'modules:final' at Fri, 03 Dec 2021 12:19:11 +0000. Up 90.26 seconds.
[   91.036864] cloud-init[1644]: Cloud-init v. 21.2-3-g899bfaa9-0ubuntu2~18.04.1 finished at Fri, 03 Dec 2021 12:19:12 +0000. Datasource DataSourceNoCloud [seed=/dev/sdb][dsmode=net].  Up 90.99 seconds
