[    0.000000] Linux version 4.15.0-175-generic (buildd@lcy02-amd64-034) (gcc version 7.5.0 (Ubuntu 7.5.0-3ubuntu1~18.04)) #184-Ubuntu SMP Thu Mar 24 17:48:36 UTC 2022 (Ubuntu 4.15.0-175.184-generic 4.15.18)
[    0.000000] Command line: BOOT_IMAGE=/boot/vmlinuz-4.15.0-175-generic root=UUID=c3410204-d08d-4de1-869a-1ed4cec3f34a ro console=tty1 console=ttyS0
[    0.000000] KERNEL supported cpus:
[    0.000000]   Intel GenuineIntel
[    0.000000]   AMD AuthenticAMD
[    0.000000]   Centaur CentaurHauls
[    0.000000] x86/fpu: x87 FPU will use FXSAVE
[    0.000000] e820: BIOS-provided physical RAM map:
[    0.000000] BIOS-e820: [mem 0x0000000000000000-0x000000000009fbff] usable
[    0.000000] BIOS-e820: [mem 0x000000000009fc00-0x000000000009ffff] reserved
[    0.000000] BIOS-e820: [mem 0x00000000000f0000-0x00000000000fffff] reserved
[    0.000000] BIOS-e820: [mem 0x0000000000100000-0x000000001ffeffff] usable
[    0.000000] BIOS-e820: [mem 0x000000001fff0000-0x000000001fffffff] ACPI data
[    0.000000] BIOS-e820: [mem 0x00000000fec00000-0x00000000fec00fff] reserved
[    0.000000] BIOS-e820: [mem 0x00000000fee00000-0x00000000fee00fff] reserved
[    0.000000] BIOS-e820: [mem 0x00000000fffc0000-0x00000000ffffffff] reserved
[    0.000000] NX (Execute Disable) protection: active
[    0.000000] SMBIOS 2.5 present.
[    0.000000] DMI: innotek GmbH VirtualBox/VirtualBox, BIOS VirtualBox 12/01/2006
[    0.000000] Hypervisor detected: KVM
[    0.000000] e820: last_pfn = 0x1fff0 max_arch_pfn = 0x400000000
[    0.000000] MTRR: Disabled
[    0.000000] x86/PAT: MTRRs disabled, skipping PAT initialization too.
[    0.000000] CPU MTRRs all blank - virtualized system.
[    0.000000] x86/PAT: Configuration [0-7]: WB  WT  UC- UC  WB  WT  UC- UC  
[    0.000000] found SMP MP-table at [mem 0x0009fff0-0x0009ffff]
[    0.000000] Scanning 1 areas for low memory corruption
[    0.000000] RAMDISK: [mem 0x1d9b4000-0x1ed9dfff]
[    0.000000] ACPI: Early table checksum verification disabled
[    0.000000] ACPI: RSDP 0x00000000000E0000 000024 (v02 VBOX  )
[    0.000000] ACPI: XSDT 0x000000001FFF0030 00003C (v01 VBOX   VBOXXSDT 00000001 ASL  00000061)
[    0.000000] ACPI: FACP 0x000000001FFF00F0 0000F4 (v04 VBOX   VBOXFACP 00000001 ASL  00000061)
[    0.000000] ACPI: DSDT 0x000000001FFF0470 002325 (v02 VBOX   VBOXBIOS 00000002 INTL 20100528)
[    0.000000] ACPI: FACS 0x000000001FFF0200 000040
[    0.000000] ACPI: FACS 0x000000001FFF0200 000040
[    0.000000] ACPI: APIC 0x000000001FFF0240 000054 (v02 VBOX   VBOXAPIC 00000001 ASL  00000061)
[    0.000000] ACPI: SSDT 0x000000001FFF02A0 0001CC (v01 VBOX   VBOXCPUT 00000002 INTL 20100528)
[    0.000000] ACPI: Reserving FACP table memory at [mem 0x1fff00f0-0x1fff01e3]
[    0.000000] ACPI: Reserving DSDT table memory at [mem 0x1fff0470-0x1fff2794]
[    0.000000] ACPI: Reserving FACS table memory at [mem 0x1fff0200-0x1fff023f]
[    0.000000] ACPI: Reserving FACS table memory at [mem 0x1fff0200-0x1fff023f]
[    0.000000] ACPI: Reserving APIC table memory at [mem 0x1fff0240-0x1fff0293]
[    0.000000] ACPI: Reserving SSDT table memory at [mem 0x1fff02a0-0x1fff046b]
[    0.000000] No NUMA configuration found
[    0.000000] Faking a node at [mem 0x0000000000000000-0x000000001ffeffff]
[    0.000000] NODE_DATA(0) allocated [mem 0x1ffc5000-0x1ffeffff]
[    0.000000] kvm-clock: cpu 0, msr 0:1ff44001, primary cpu clock
[    0.000000] kvm-clock: Using msrs 4b564d01 and 4b564d00
[    0.000000] kvm-clock: using sched offset of 7518928659 cycles
[    0.000000] clocksource: kvm-clock: mask: 0xffffffffffffffff max_cycles: 0x1cd42e4dffb, max_idle_ns: 881590591483 ns
[    0.000000] Zone ranges:
[    0.000000]   DMA      [mem 0x0000000000001000-0x0000000000ffffff]
[    0.000000]   DMA32    [mem 0x0000000001000000-0x000000001ffeffff]
[    0.000000]   Normal   empty
[    0.000000]   Device   empty
[    0.000000] Movable zone start for each node
[    0.000000] Early memory node ranges
[    0.000000]   node   0: [mem 0x0000000000001000-0x000000000009efff]
[    0.000000]   node   0: [mem 0x0000000000100000-0x000000001ffeffff]
[    0.000000] Reserved but unavailable: 104 pages
[    0.000000] Initmem setup node 0 [mem 0x0000000000001000-0x000000001ffeffff]
[    0.000000] ACPI: PM-Timer IO Port: 0x4008
[    0.000000] IOAPIC[0]: apic_id 1, version 32, address 0xfec00000, GSI 0-23
[    0.000000] ACPI: INT_SRC_OVR (bus 0 bus_irq 0 global_irq 2 dfl dfl)
[    0.000000] ACPI: INT_SRC_OVR (bus 0 bus_irq 9 global_irq 9 low level)
[    0.000000] Using ACPI (MADT) for SMP configuration information
[    0.000000] smpboot: Allowing 1 CPUs, 0 hotplug CPUs
[    0.000000] PM: Registered nosave memory: [mem 0x00000000-0x00000fff]
[    0.000000] PM: Registered nosave memory: [mem 0x0009f000-0x0009ffff]
[    0.000000] PM: Registered nosave memory: [mem 0x000a0000-0x000effff]
[    0.000000] PM: Registered nosave memory: [mem 0x000f0000-0x000fffff]
[    0.000000] e820: [mem 0x20000000-0xfebfffff] available for PCI devices
[    0.000000] Booting paravirtualized kernel on KVM
[    0.000000] clocksource: refined-jiffies: mask: 0xffffffff max_cycles: 0xffffffff, max_idle_ns: 7645519600211568 ns
[    0.000000] random: get_random_bytes called from start_kernel+0x99/0x500 with crng_init=0
[    0.000000] setup_percpu: NR_CPUS:8192 nr_cpumask_bits:1 nr_cpu_ids:1 nr_node_ids:1
[    0.000000] percpu: Embedded 50 pages/cpu s167936 r8192 d28672 u2097152
[    0.000000] PV qspinlock hash table entries: 256 (order: 0, 4096 bytes)
[    0.000000] Built 1 zonelists, mobility grouping on.  Total pages: 128889
[    0.000000] Policy zone: DMA32
[    0.000000] Kernel command line: BOOT_IMAGE=/boot/vmlinuz-4.15.0-175-generic root=UUID=c3410204-d08d-4de1-869a-1ed4cec3f34a ro console=tty1 console=ttyS0
[    0.000000] Memory: 465888K/523832K available (12300K kernel code, 2484K rwdata, 4324K rodata, 2468K init, 2724K bss, 57944K reserved, 0K cma-reserved)
[    0.000000] SLUB: HWalign=64, Order=0-3, MinObjects=0, CPUs=1, Nodes=1
[    0.000000] Kernel/User page tables isolation: enabled
[    0.000000] ftrace: allocating 39503 entries in 155 pages
[    0.004000] Hierarchical RCU implementation.
[    0.004000] 	RCU restricting CPUs from NR_CPUS=8192 to nr_cpu_ids=1.
[    0.004000] 	Tasks RCU enabled.
[    0.004000] RCU: Adjusting geometry for rcu_fanout_leaf=16, nr_cpu_ids=1
[    0.004000] NR_IRQS: 524544, nr_irqs: 256, preallocated irqs: 16
[    0.004000] Console: colour VGA+ 80x25
[    0.004000] console [tty1] enabled
[    0.004000] console [ttyS0] enabled
[    0.004000] ACPI: Core revision 20170831
[    0.004000] ACPI: 2 ACPI AML tables successfully acquired and loaded
[    0.004000] APIC: Switch to symmetric I/O mode setup
[    0.008000] ..TIMER: vector=0x30 apic1=0 pin1=2 apic2=-1 pin2=-1
[    0.008000] tsc: Detected 2693.766 MHz processor
[    0.008000] Calibrating delay loop (skipped) preset value.. 5387.53 BogoMIPS (lpj=10775064)
[    0.008000] pid_max: default: 32768 minimum: 301
[    0.008000] Security Framework initialized
[    0.008000] Yama: becoming mindful.
[    0.008000] AppArmor: AppArmor initialized
[    0.008000] Dentry cache hash table entries: 65536 (order: 7, 524288 bytes)
[    0.008000] Inode-cache hash table entries: 32768 (order: 6, 262144 bytes)
[    0.008000] Mount-cache hash table entries: 1024 (order: 1, 8192 bytes)
[    0.008000] Mountpoint-cache hash table entries: 1024 (order: 1, 8192 bytes)
[    0.016505] Last level iTLB entries: 4KB 64, 2MB 8, 4MB 8
[    0.020000] Last level dTLB entries: 4KB 64, 2MB 0, 4MB 0, 1GB 4
[    0.020000] Spectre V1 : Mitigation: usercopy/swapgs barriers and __user pointer sanitization
[    0.020000] Spectre V2 : Mitigation: Retpolines
[    0.020000] Spectre V2 : Spectre v2 / SpectreRSB mitigation: Filling RSB on context switch
[    0.020000] Speculative Store Bypass: Vulnerable
[    0.020000] MDS: Mitigation: Clear CPU buffers
[    0.020000] Freeing SMP alternatives memory: 36K
[    0.040000] APIC calibration not consistent with PM-Timer: 104ms instead of 100ms
[    0.040000] APIC delta adjusted to PM-Timer: 6460622 (6731264)
[    0.040000] smpboot: CPU0: Intel(R) Core(TM) i7-5700HQ CPU @ 2.70GHz (family: 0x6, model: 0x47, stepping: 0x1)
[    0.040000] Performance Events: unsupported p6 CPU model 71 no PMU driver, software events only.
[    0.040000] Hierarchical SRCU implementation.
[    0.040000] NMI watchdog: Perf event create on CPU 0 failed with -2
[    0.040000] NMI watchdog: Perf NMI watchdog permanently disabled
[    0.040000] smp: Bringing up secondary CPUs ...
[    0.040000] smp: Brought up 1 node, 1 CPU
[    0.040000] smpboot: Max logical packages: 1
[    0.040000] smpboot: Total of 1 processors activated (5387.53 BogoMIPS)
[    0.040000] devtmpfs: initialized
[    0.040000] x86/mm: Memory block size: 128MB
[    0.040000] evm: security.selinux
[    0.040000] evm: security.SMACK64
[    0.040000] evm: security.SMACK64EXEC
[    0.040000] evm: security.SMACK64TRANSMUTE
[    0.040000] evm: security.SMACK64MMAP
[    0.040000] evm: security.apparmor
[    0.040000] evm: security.ima
[    0.040000] evm: security.capability
[    0.040000] clocksource: jiffies: mask: 0xffffffff max_cycles: 0xffffffff, max_idle_ns: 7645041785100000 ns
[    0.040000] futex hash table entries: 256 (order: 2, 16384 bytes)
[    0.040000] pinctrl core: initialized pinctrl subsystem
[    0.040000] RTC time: 12:04:37, date: 04/14/22
[    0.040000] NET: Registered protocol family 16
[    0.040000] audit: initializing netlink subsys (disabled)
[    0.040000] cpuidle: using governor ladder
[    0.040000] cpuidle: using governor menu
[    0.040000] ACPI: bus type PCI registered
[    0.040000] acpiphp: ACPI Hot Plug PCI Controller Driver version: 0.5
[    0.040000] PCI: Using configuration type 1 for base access
[    0.040000] audit: type=2000 audit(1649937883.765:1): state=initialized audit_enabled=0 res=1
[    0.040000] HugeTLB registered 2.00 MiB page size, pre-allocated 0 pages
[    0.040000] ACPI: Added _OSI(Module Device)
[    0.040000] ACPI: Added _OSI(Processor Device)
[    0.040000] ACPI: Added _OSI(3.0 _SCP Extensions)
[    0.040000] ACPI: Added _OSI(Processor Aggregator Device)
[    0.040000] ACPI: Added _OSI(Linux-Dell-Video)
[    0.040000] ACPI: Added _OSI(Linux-Lenovo-NV-HDMI-Audio)
[    0.040000] ACPI: Added _OSI(Linux-HPI-Hybrid-Graphics)
[    0.046729] ACPI: Executed 1 blocks of module-level executable AML code
[    0.060000] ACPI: Interpreter enabled
[    0.060000] ACPI: (supports S0 S5)
[    0.060000] ACPI: Using IOAPIC for interrupt routing
[    0.060912] PCI: Using host bridge windows from ACPI; if necessary, use "pci=nocrs" and report a bug
[    0.064000] ACPI: Enabled 2 GPEs in block 00 to 07
[    0.103224] ACPI: PCI Root Bridge [PCI0] (domain 0000 [bus 00-ff])
[    0.104000] acpi PNP0A03:00: _OSC: OS supports [ASPM ClockPM Segments MSI]
[    0.108853] acpi PNP0A03:00: _OSC: not requesting OS control; OS requires [ExtendedConfig ASPM ClockPM MSI]
[    0.112000] acpi PNP0A03:00: fail to add MMCONFIG information, can't access extended PCI configuration space under this bridge.
[    0.117628] PCI host bridge to bus 0000:00
[    0.120000] pci_bus 0000:00: root bus resource [io  0x0000-0x0cf7 window]
[    0.120000] pci_bus 0000:00: root bus resource [io  0x0d00-0xffff window]
[    0.120000] pci_bus 0000:00: root bus resource [mem 0x000a0000-0x000bffff window]
[    0.120000] pci_bus 0000:00: root bus resource [mem 0x20000000-0xfdffffff window]
[    0.120000] pci_bus 0000:00: root bus resource [bus 00-ff]
[    0.136000] pci 0000:00:01.1: legacy IDE quirk: reg 0x10: [io  0x01f0-0x01f7]
[    0.136000] pci 0000:00:01.1: legacy IDE quirk: reg 0x14: [io  0x03f6]
[    0.136000] pci 0000:00:01.1: legacy IDE quirk: reg 0x18: [io  0x0170-0x0177]
[    0.136000] pci 0000:00:01.1: legacy IDE quirk: reg 0x1c: [io  0x0376]
[    0.164000] pci 0000:00:07.0: quirk: [io  0x4000-0x403f] claimed by PIIX4 ACPI
[    0.164000] pci 0000:00:07.0: quirk: [io  0x4100-0x410f] claimed by PIIX4 SMB
[    0.178559] ACPI: PCI Interrupt Link [LNKA] (IRQs 5 9 10 *11)
[    0.186977] ACPI: PCI Interrupt Link [LNKB] (IRQs 5 9 *10 11)
[    0.188000] ACPI: PCI Interrupt Link [LNKC] (IRQs 5 *9 10 11)
[    0.188000] ACPI: PCI Interrupt Link [LNKD] (IRQs 5 9 10 *11)
[    0.188000] SCSI subsystem initialized
[    0.188000] pci 0000:00:02.0: vgaarb: setting as boot VGA device
[    0.188000] pci 0000:00:02.0: vgaarb: VGA device added: decodes=io+mem,owns=io+mem,locks=none
[    0.188000] pci 0000:00:02.0: vgaarb: bridge control possible
[    0.188000] vgaarb: loaded
[    0.188000] ACPI: bus type USB registered
[    0.188000] usbcore: registered new interface driver usbfs
[    0.188000] usbcore: registered new interface driver hub
[    0.188000] usbcore: registered new device driver usb
[    0.188000] EDAC MC: Ver: 3.0.0
[    0.188000] PCI: Using ACPI for IRQ routing
[    0.188000] NetLabel: Initializing
[    0.188000] NetLabel:  domain hash size = 128
[    0.188000] NetLabel:  protocols = UNLABELED CIPSOv4 CALIPSO
[    0.188000] NetLabel:  unlabeled traffic allowed by default
[    0.188052] clocksource: Switched to clocksource kvm-clock
[    0.298268] VFS: Disk quotas dquot_6.6.0
[    0.298268] VFS: Dquot-cache hash table entries: 512 (order 0, 4096 bytes)
[    0.298268] AppArmor: AppArmor Filesystem Enabled
[    0.298268] pnp: PnP ACPI init
[    0.349733] pnp: PnP ACPI: found 3 devices
[    0.372700] clocksource: acpi_pm: mask: 0xffffff max_cycles: 0xffffff, max_idle_ns: 2085701024 ns
[    0.376585] NET: Registered protocol family 2
[    0.376585] IP idents hash table entries: 8192 (order: 4, 65536 bytes)
[    0.376585] TCP established hash table entries: 4096 (order: 3, 32768 bytes)
[    0.376585] TCP bind hash table entries: 4096 (order: 4, 65536 bytes)
[    0.376585] TCP: Hash tables configured (established 4096 bind 4096)
[    0.466608] UDP hash table entries: 256 (order: 1, 8192 bytes)
[    0.469998] UDP-Lite hash table entries: 256 (order: 1, 8192 bytes)
[    0.469998] NET: Registered protocol family 1
[    0.469998] pci 0000:00:00.0: Limiting direct PCI/PCI transfers
[    0.469998] pci 0000:00:01.0: Activating ISA DMA hang workarounds
[    0.469998] pci 0000:00:02.0: Video device with shadowed ROM at [mem 0x000c0000-0x000dffff]
[    0.469998] Unpacking initramfs...
[    1.959951] Freeing initrd memory: 20392K
[    1.968342] clocksource: tsc: mask: 0xffffffffffffffff max_cycles: 0x26d43d30def, max_idle_ns: 440795207857 ns
[    1.972247] platform rtc_cmos: registered platform RTC device (no PNP device found)
[    1.972247] Scanning for low memory corruption every 60 seconds
[    1.972247] Initialise system trusted keyrings
[    1.972247] Key type blacklist registered
[    1.972247] workingset: timestamp_bits=36 max_order=17 bucket_order=0
[    2.075615] zbud: loaded
[    2.078527] squashfs: version 4.0 (2009/01/31) Phillip Lougher
[    2.078527] fuse init (API version 7.26)
[    2.078527] Key type asymmetric registered
[    2.078527] Asymmetric key parser 'x509' registered
[    2.078527] Block layer SCSI generic (bsg) driver version 0.4 loaded (major 246)
[    2.078527] io scheduler noop registered
[    2.078527] io scheduler deadline registered
[    2.078527] io scheduler cfq registered (default)
[    2.205403] ACPI: AC Adapter [AC] (on-line)
[    2.208775] input: Power Button as /devices/LNXSYSTM:00/LNXPWRBN:00/input/input0
[    2.208775] ACPI: Power Button [PWRF]
[    2.241999] input: Sleep Button as /devices/LNXSYSTM:00/LNXSLPBN:00/input/input1
[    2.244701] ACPI: Sleep Button [SLPF]
[    2.272862] Serial: 8250/16550 driver, 32 ports, IRQ sharing enabled
[    2.363340] ACPI: Battery Slot [BAT0] (battery present)
[    2.382595] 00:02: ttyS0 at I/O 0x3f8 (irq = 4, base_baud = 115200) is a 16550A
[    2.409423] Linux agpgart interface v0.103
[    2.452378] loop: module loaded
[    2.472831] scsi host0: ata_piix
[    2.472831] scsi host1: ata_piix
[    2.472831] ata1: PATA max UDMA/33 cmd 0x1f0 ctl 0x3f6 bmdma 0xd000 irq 14
[    2.472831] ata2: PATA max UDMA/33 cmd 0x170 ctl 0x376 bmdma 0xd008 irq 15
[    2.472831] tun: Universal TUN/TAP device driver, 1.6
[    2.567332] PPP generic driver version 2.4.2
[    2.569298] ehci_hcd: USB 2.0 'Enhanced' Host Controller (EHCI) Driver
[    2.569298] ehci-pci: EHCI PCI platform driver
[    2.569298] ehci-platform: EHCI generic platform driver
[    2.569298] ohci_hcd: USB 1.1 'Open' Host Controller (OHCI) Driver
[    2.569298] ohci-pci: OHCI PCI platform driver
[    2.569298] ohci-platform: OHCI generic platform driver
[    2.569298] uhci_hcd: USB Universal Host Controller Interface driver
[    2.569298] i8042: PNP: PS/2 Controller [PNP0303:PS2K,PNP0f03:PS2M] at 0x60,0x64 irq 1,12
[    2.720339] serio: i8042 KBD port at 0x60,0x64 irq 1
[    2.720339] serio: i8042 AUX port at 0x60,0x64 irq 12
[    2.720339] mousedev: PS/2 mouse device common for all mice
[    2.765949] rtc_cmos rtc_cmos: rtc core: registered rtc_cmos as rtc0
[    2.766127] rtc_cmos rtc_cmos: alarms up to one day, 114 bytes nvram
[    2.766127] i2c /dev entries driver
[    2.766127] device-mapper: uevent: version 1.0.3
[    2.766127] device-mapper: ioctl: 4.37.0-ioctl (2017-09-20) initialised: dm-devel@redhat.com
[    2.766127] ledtrig-cpu: registered to indicate activity on CPUs
[    2.864633] NET: Registered protocol family 10
[    2.982323] input: AT Translated Set 2 keyboard as /devices/platform/i8042/serio0/input/input2
[    3.018645] Segment Routing with IPv6
[    3.020401] NET: Registered protocol family 17
[    3.020401] Key type dns_resolver registered
[    3.052564] mce: Using 0 MCE banks
[    3.056358] RAS: Correctable Errors collector initialized.
[    3.056358] sched_clock: Marking stable (3052358663, 0)->(6845027890, -3792669227)
[    3.094491] registered taskstats version 1
[    3.104487] Loading compiled-in X.509 certificates
[    3.131411] Loaded X.509 cert 'Build time autogenerated kernel key: ea99b1e66d5186ff77dcfb46de385e3fbd0a569c'
[    3.154656] Loaded X.509 cert 'Canonical Ltd. Live Patch Signing: 14df34d1a87cf37625abec039ef2bf521249b969'
[    3.178615] Loaded X.509 cert 'Canonical Ltd. Kernel Module Signing: 88f752e560a1e0737e31163a466ad7b70a850c19'
[    3.207136] blacklist: Loading compiled-in revocation X.509 certificates
[    3.226868] Loaded X.509 cert 'Canonical Ltd. Secure Boot Signing: 61482aa2830d0ab2ad5af10b7250da9033ddcef0'
[    3.256202] zswap: loaded using pool lzo/zbud
[    3.300488] Key type big_key registered
[    3.312258] Key type trusted registered
[    3.334042] Key type encrypted registered
[    3.345174] AppArmor: AppArmor sha1 policy hashing enabled
[    3.362944] ima: No TPM chip found, activating TPM-bypass! (rc=-19)
[    3.384211] ima: Allocated hash algorithm: sha1
[    3.400156] evm: HMAC attrs: 0x1
[    3.412623]   Magic number: 2:823:76
[    3.428082] rtc_cmos rtc_cmos: setting system clock to 2022-04-14 12:04:41 UTC (1649937881)
[    3.453623] BIOS EDD facility v0.16 2004-Jun-25, 0 devices found
[    3.472490] EDD information not available.
[    3.494227] Freeing unused kernel image memory: 2468K
[    3.513205] Write protecting the kernel read-only data: 20480k
[    3.527053] Freeing unused kernel image memory: 2008K
[    3.540968] Freeing unused kernel image memory: 1820K
[    3.566218] x86/mm: Checked W+X mappings: passed, no W+X pages found.
[    3.580172] x86/mm: Checking user space page tables
[    3.600597] x86/mm: Checked W+X mappings: passed, no W+X pages found.
Loading, please wait...
starting version 237
[    4.027303] e1000: Intel(R) PRO/1000 Network Driver - version 7.3.21-k8-NAPI
[    4.040599] e1000: Copyright (c) 1999-2006 Intel Corporation.
[    4.073273] Fusion MPT base driver 3.04.20
[    4.087684] Copyright (c) 1999-2008 LSI Corporation
[    4.286650] Fusion MPT SPI Host driver 3.04.20
[    5.183769] input: ImExPS/2 Generic Explorer Mouse as /devices/platform/i8042/serio1/input/input4
[    5.869623] e1000 0000:00:03.0 eth0: (PCI:33MHz:32-bit) 02:3b:ab:4a:a3:42
[    5.894690] e1000 0000:00:03.0 eth0: Intel(R) PRO/1000 Network Connection
[    5.934257] e1000 0000:00:03.0 enp0s3: renamed from eth0
[    5.962072] mptbase: ioc0: Initiating bringup
[    6.180972] ioc0: LSI53C1030 A0: Capabilities={Initiator}
[    6.480084] scsi host2: ioc0: LSI53C1030 A0, FwRev=00000000h, Ports=1, MaxQ=256, IRQ=20
[    6.667580] scsi 2:0:0:0: Direct-Access     VBOX     HARDDISK         1.0  PQ: 0 ANSI: 5
[    6.682948] scsi target2:0:0: Beginning Domain Validation
[    6.718498] scsi target2:0:0: Domain Validation skipping write tests
[    6.737816] scsi target2:0:0: Ending Domain Validation
[    6.751748] scsi target2:0:0: asynchronous
[    6.776071] scsi 2:0:1:0: Direct-Access     VBOX     HARDDISK         1.0  PQ: 0 ANSI: 5
[    6.798682] scsi target2:0:1: Beginning Domain Validation
[    6.837375] scsi target2:0:1: Domain Validation skipping write tests
[    6.852197] scsi target2:0:1: Ending Domain Validation
[    6.868406] scsi target2:0:1: asynchronous
[    6.885091] random: fast init done
[    6.919211] random: systemd-udevd: uninitialized urandom read (16 bytes read)
[    6.935109] random: systemd-udevd: uninitialized urandom read (16 bytes read)
[    6.949004] random: systemd-udevd: uninitialized urandom read (16 bytes read)
[    6.966937] sd 2:0:0:0: Attached scsi generic sg0 type 0
[    6.981154] sd 2:0:1:0: Attached scsi generic sg1 type 0
[    6.997993] sd 2:0:0:0: [sda] 83886080 512-byte logical blocks: (42.9 GB/40.0 GiB)
[    7.019589] sd 2:0:1:0: [sdb] 20480 512-byte logical blocks: (10.5 MB/10.0 MiB)
[    7.046780] sd 2:0:0:0: [sda] Write Protect is off
[    7.065995] sd 2:0:1:0: [sdb] Write Protect is off
[    7.087491] sd 2:0:0:0: [sda] Incomplete mode parameter data
[    7.111362] sd 2:0:0:0: [sda] Assuming drive cache: write through
[    7.136276] sd 2:0:1:0: [sdb] Incomplete mode parameter data
[    7.151455] sd 2:0:1:0: [sdb] Assuming drive cache: write through
[    7.194901]  sda: sda1
[    7.211836] sd 2:0:1:0: [sdb] Attached SCSI disk
[    7.226970] sd 2:0:0:0: [sda] Attached SCSI disk
Begin: Loading essential drivers ... [   11.760617] raid6: sse2x1   gen()  3521 MB/s
[   11.837106] raid6: sse2x1   xor()  2934 MB/s
[   11.921863] raid6: sse2x2   gen()  6271 MB/s
[   11.984250] raid6: sse2x2   xor()  3796 MB/s
[   12.049061] raid6: sse2x4   gen()  4377 MB/s
[   12.113657] raid6: sse2x4   xor()  3263 MB/s
[   12.122707] raid6: using algorithm sse2x2 gen() 6271 MB/s
[   12.135062] raid6: .... xor() 3796 MB/s, rmw enabled
[   12.146746] raid6: using ssse3x2 recovery algorithm
[   12.165647] xor: measuring software checksum speed
[   12.295412]    prefetch64-sse: 23435.000 MB/sec
[   12.434968]    generic_sse: 51767.000 MB/sec
[   12.445788] xor: using function: generic_sse (51767.000 MB/sec)
[   12.465314] async_tx: api initialized (async)
done.
Begin: Running /scripts/init-premount ... done.
Begin: Mounting root file system ... Begin: Running /scripts/local-top ... done.
Begin: Running /scripts/local-premount ... [   12.718819] Btrfs loaded, crc32c=crc32c-intel
Scanning for Btrfs filesystems
done.
Begin: Will now check root file system ... fsck from util-linux 2.31.1
[/sbin/fsck.ext4 (1) -- /dev/sda1] fsck.ext4 -a -C0 /dev/sda1 
cloudimg-rootfs: clean, 102591/5120000 files, 782090/10485499 blocks
done.
[   13.030082] EXT4-fs (sda1): mounted filesystem with ordered data mode. Opts: (null)
done.
Begin: Running /scripts/local-bottom ... done.
Begin: Running /scripts/init-bottom ... done.
[   13.777241] ip_tables: (C) 2000-2006 Netfilter Core Team
[   13.856169] systemd[1]: systemd 237 running in system mode. (+PAM +AUDIT +SELINUX +IMA +APPARMOR +SMACK +SYSVINIT +UTMP +LIBCRYPTSETUP +GCRYPT +GNUTLS +ACL +XZ +LZ4 +SECCOMP +BLKID +ELFUTILS +KMOD -IDN2 +IDN -PCRE2 default-hierarchy=hybrid)
[   13.920574] systemd[1]: Detected virtualization oracle.
[   13.935718] systemd[1]: Detected architecture x86-64.

Welcome to [1mUbuntu 18.04.6 LTS[0m!

[   13.963659] systemd[1]: Set hostname to <ubuntu-bionic>.
[   15.494412] systemd[1]: Set up automount Arbitrary Executable File Formats File System Automount Point.
[[0;32m  OK  [0m] Set up automount Arbitrary Executabâ€¦rmats File System Automount Point.
[   15.525163] systemd[1]: Reached target System Time Synchronized.
[[0;32m  OK  [0m] Reached target System Time Synchronized.
[   15.544518] systemd[1]: Reached target Swap.
[[0;32m  OK  [0m] Reached target Swap.
[   15.562516] systemd[1]: Created slice System Slice.
[[0;32m  OK  [0m] Created slice System Slice.
[   15.582604] systemd[1]: Created slice system-postgresql.slice.
[[0;32m  OK  [0m] Created slice system-postgresql.slice.
[   15.600769] systemd[1]: Listening on Network Service Netlink Socket.
[[0;32m  OK  [0m] Listening on Network Service Netlink Socket.
[[0;32m  OK  [0m] Listening on Device-mapper event daemon FIFOs.
[[0;32m  OK  [0m] Listening on LVM2 metadata daemon socket.
[[0;32m  OK  [0m] Listening on Journal Audit Socket.
[[0;32m  OK  [0m] Listening on LVM2 poll daemon socket.
[[0;32m  OK  [0m] Listening on Journal Socket.
         Starting Monitoring of LVM2 mirrorsâ€¦ng dmeventd or progress polling...
         Starting Uncomplicated firewall...
[[0;32m  OK  [0m] Listening on Journal Socket (/dev/log).
[[0;32m  OK  [0m] Listening on udev Control Socket.
         Starting Load Kernel Modules...
         Mounting Kernel Debug File System...
[[0;32m  OK  [0m] Created slice system-serial\x2dgetty.slice.
[[0;32m  OK  [0m] Created slice User and Session Slice.
[[0;32m  OK  [0m] Reached target Slices.
[[0;32m  OK  [0m] Reached target User and Group Name Lookups.
         Starting Create list of required stâ€¦ce nodes for the current kernel...
[[0;32m  OK  [0m] Started Forward Password Requests to Wall Directory Watch.
[[0;32m  OK  [0m] Listening on udev Kernel Socket.
         Starting udev Coldplug all Devices...
[[0;32m  OK  [0m] Listening on fsck to fsckd communication Socket.
         Starting Remount Root and Kernel File Systems...
         Mounting Huge Pages File System...
         Mounting POSIX Message Queue File System...
[[0;32m  OK  [0m] Listening on /dev/initctl Compatibility Named Pipe.
[[0;32m  OK  [0m] Listening on Syslog Socket.
         Starting Journal Service...
[   15.915815] Loading iSCSI transport class v2.0-870.
[   15.938067] random: crng init done
[   15.947523] random: 7 urandom warning(s) missed due to ratelimiting
         Starting Set the console keyboard layout...
[[0;32m  OK  [0m] Started Uncomplicated firewall.
[[0;32m  OK  [0m] Mounted Kernel Debug File System.
[[0;32m  OK  [0m] Started Create list of required staâ€¦vice nodes for the current kernel.
         Starting Create Static Device Nodes in /dev...
[[0;32m  OK  [0m] Mounted Huge Pages File System.
[   16.142875] EXT4-fs (sda1): re-mounted. Opts: (null)
[   16.245048] iscsi: registered transport (tcp)
[[0;32m  OK  [0m] Mounted POSIX Message Queue File System.
[[0;32m  OK  [0m] Started Remount Root and Kernel File Systems.
[   16.524290] iscsi: registered transport (iser)
         Starting Load/Save Random Seed...
[[0;32m  OK  [0m] Started Journal Service.
[[0;32m  OK  [0m] Started Load Kernel Modules.
[[0;32m  OK  [0m] Started udev Coldplug all Devices.
         Mounting FUSE Control File System...
         Mounting Kernel Configuration File System...
         Starting Apply Kernel Variables...
         Starting Flush Journal to Persistent Storage...
[[0;32m  OK  [0m] Started LVM2 metadata daemon.
[[0;32m  OK  [0m] Mounted FUSE Control File System.
[[0;32m  OK  [0m] Mounted Kernel Configuration File System.
[   16.758085] systemd-journald[388]: Received request to flush runtime journal from PID 1
[[0;32m  OK  [0m] Started Create Static Device Nodes in /dev.
         Starting udev Kernel Device Manager...
[[0;32m  OK  [0m] Started Load/Save Random Seed.
[[0;32m  OK  [0m] Started Apply Kernel Variables.
[[0;32m  OK  [0m] Started Monitoring of LVM2 mirrors,â€¦sing dmeventd or progress polling.
[[0;32m  OK  [0m] Started Set the console keyboard layout.
[[0;32m  OK  [0m] Reached target Local File Systems (Pre).
[[0;32m  OK  [0m] Reached target Local File Systems.
         Starting Tell Plymouth To Write Out Runtime Data...
         Starting AppArmor initialization...
         Starting Set console font and keymap...
         Starting ebtables ruleset management...
[[0;32m  OK  [0m] Started Tell Plymouth To Write Out Runtime Data.
[[0;32m  OK  [0m] Started Set console font and keymap.
[[0;32m  OK  [0m] Started udev Kernel Device Manager.
[[0;32m  OK  [0m] Started Dispatch Password Requests to Console Directory Watch.
[[0;32m  OK  [0m] Reached target Local Encrypted Volumes.
[[0;32m  OK  [0m] Started ebtables ruleset management.
[[0;32m  OK  [0m] Started Flush Journal to Persistent Storage.
         Starting Create Volatile Files and Directories...
[[0;32m  OK  [0m] Started Create Volatile Files and Directories.
         Starting Update UTMP about System Boot/Shutdown...
[[0;32m  OK  [0m] Started Update UTMP about System Boot/Shutdown.
[[0;32m  OK  [0m] Found device /dev/ttyS0.
[[0;32m  OK  [0m] Started AppArmor initialization.
         Starting Load AppArmor profiles managed internally by snapd...
         Starting Initial cloud-init job (pre-networking)...
[[0;32m  OK  [0m] Started Load AppArmor profiles managed internally by snapd.
[[0;32m  OK  [0m] Listening on Load/Save RF Kill Switch Status /dev/rfkill Watch.
[   29.614290] cloud-init[521]: Cloud-init v. 21.4-0ubuntu1~18.04.1 running 'init-local' at Thu, 14 Apr 2022 12:05:07 +0000. Up 28.96 seconds.
[[0;32m  OK  [0m] Started Initial cloud-init job (pre-networking).
[[0;32m  OK  [0m] Reached target Network (Pre).
         Starting Network Service...
[[0;32m  OK  [0m] Started Network Service.
         Starting Wait for Network to be Configured...
         Starting Network Name Resolution...
[[0;32m  OK  [0m] Started Network Name Resolution.
[[0;32m  OK  [0m] Reached target Host and Network Name Lookups.
[[0;32m  OK  [0m] Reached target Network.
[[0;32m  OK  [0m] Started Wait for Network to be Configured.
         Starting Initial cloud-init job (metadata service crawler)...
[   33.537978] cloud-init[651]: Cloud-init v. 21.4-0ubuntu1~18.04.1 running 'init' at Thu, 14 Apr 2022 12:05:11 +0000. Up 33.08 seconds.
[   33.604599] cloud-init[651]: ci-info: ++++++++++++++++++++++++++++++++++++++Net device info++++++++++++++++++++++++++++++++++++++
[   33.628020] cloud-init[651]: ci-info: +--------+------+----------------------------+---------------+--------+-------------------+
[   33.641109] cloud-init[651]: ci-info: | Device |  Up  |          Address           |      Mask     | Scope  |     Hw-Address    |
[   33.656879] cloud-init[651]: ci-info: +--------+------+----------------------------+---------------+--------+-------------------+
[   33.668711] cloud-init[651]: ci-info: | enp0s3 | True |         10.0.2.15          | 255.255.255.0 | global | 02:3b:ab:4a:a3:42 |
[   33.679803] cloud-init[651]: ci-info: | enp0s3 | True | fe80::3b:abff:fe4a:a342/64 |       .       |  link  | 02:3b:ab:4a:a3:42 |
[   33.690318] cloud-init[651]: ci-info: |   lo   | True |         127.0.0.1          |   255.0.0.0   |  host  |         .         |
[   33.709553] cloud-init[651]: ci-info: |   lo   | True |          ::1/128           |       .       |  host  |         .         |
[   33.724676] cloud-init[651]: ci-info: +--------+------+----------------------------+---------------+--------+-------------------+
[   33.740448] cloud-init[651]: ci-info: ++++++++++++++++++++++++++++Route IPv4 info+++++++++++++++++++++++++++++
[   33.757380] cloud-init[651]: ci-info: +-------+-------------+----------+-----------------+-----------+-------+
[   33.772694] cloud-init[651]: ci-info: | Route | Destination | Gateway  |     Genmask     | Interface | Flags |
[   33.788228] cloud-init[651]: ci-info: +-------+-------------+----------+-----------------+-----------+-------+
[   33.804857] cloud-init[651]: ci-info: |   0   |   0.0.0.0   | 10.0.2.2 |     0.0.0.0     |   enp0s3  |   UG  |
[   33.819579] cloud-init[651]: ci-info: |   1   |   10.0.2.0  | 0.0.0.0  |  255.255.255.0  |   enp0s3  |   U   |
[   33.837884] cloud-init[651]: ci-info: |   2   |   10.0.2.2  | 0.0.0.0  | 255.255.255.255 |   enp0s3  |   UH  |
[   33.847019] cloud-init[651]: ci-info: +-------+-------------+----------+-----------------+-----------+-------+
[   33.861644] cloud-init[651]: ci-info: +++++++++++++++++++Route IPv6 info+++++++++++++++++++
[   33.876622] cloud-init[651]: ci-info: +-------+-------------+---------+-----------+-------+
[   33.899633] cloud-init[651]: ci-info: | Route | Destination | Gateway | Interface | Flags |
[   33.912384] cloud-init[651]: ci-info: +-------+-------------+---------+-----------+-------+
[   33.926673] cloud-init[651]: ci-info: |   1   |  fe80::/64  |    ::   |   enp0s3  |   U   |
[   33.945420] cloud-init[651]: ci-info: |   3   |    local    |    ::   |   enp0s3  |   U   |
[   33.954400] cloud-init[651]: ci-info: |   4   |   ff00::/8  |    ::   |   enp0s3  |   U   |
[   33.969871] cloud-init[651]: ci-info: +-------+-------------+---------+-----------+-------+
[[0;32m  OK  [0m] Started Initial cloud-init job (metadata service crawler).
[[0;32m  OK  [0m] Reached target Network is Online.
[[0;32m  OK  [0m] Reached target Remote File Systems (Pre).
[[0;32m  OK  [0m] Reached target Remote File Systems.
         Starting Availability of block devices...
[[0;32m  OK  [0m] Reached target System Initialization.
[[0;32m  OK  [0m] Listening on UUID daemon activation socket.
[[0;32m  OK  [0m] Started Ubuntu Advantage Timer for running repeated jobs.
         Starting LXD - unix socket.
[[0;32m  OK  [0m] Listening on cloud-init hotplug hook socket.
         Starting Socket activation for snappy daemon.
[[0;32m  OK  [0m] Listening on ACPID Listen Socket.
[[0;32m  OK  [0m] Started Daily Cleanup of Temporary Directories.
[[0;32m  OK  [0m] Listening on Open-iSCSI iscsid Socket.
[[0;32m  OK  [0m] Started Message of the Day.
[[0;32m  OK  [0m] Started Trigger to poll for Ubuntu â€¦(Only enabled on GCP LTS non-pro).
[[0;32m  OK  [0m] Started Discard unused blocks once a week.
[[0;32m  OK  [0m] Listening on D-Bus System Message Bus Socket.
[[0;32m  OK  [0m] Started ACPI Events Check.
[[0;32m  OK  [0m] Reached target Paths.
[[0;32m  OK  [0m] Started Daily apt download activities.
[[0;32m  OK  [0m] Started Daily apt upgrade and clean activities.
[[0;32m  OK  [0m] Reached target Timers.
[[0;32m  OK  [0m] Reached target Cloud-config availability.
[[0;32m  OK  [0m] Started Availability of block devices.
[[0;32m  OK  [0m] Listening on LXD - unix socket.
[[0;32m  OK  [0m] Listening on Socket activation for snappy daemon.
[[0;32m  OK  [0m] Reached target Sockets.
[[0;32m  OK  [0m] Reached target Basic System.
         Starting Accounts Service...
         Starting Resets System Activity Data Collector...
[[0;32m  OK  [0m] Started D-Bus System Message Bus.
         Starting Message of the Day...
         Starting Dispatcher daemon for systemd-networkd...
[[0;32m  OK  [0m] Started Regular background program processing daemon.
         Starting OpenBSD Secure Shell server...
         Starting LXD - container startup/shutdown...
         Starting Permit User Sessions...
         Starting LSB: Record successful boot for GRUB...
[[0;32m  OK  [0m] Started FUSE filesystem for LXC.
         Starting System Logging Service...
[[0;32m  OK  [0m] Started irqbalance daemon.
         Starting Login Service...
         Starting Snap Daemon...
         Starting LSB: automatic crash report generation...
         Starting PostgreSQL Cluster 12-main...
[[0;32m  OK  [0m] Started Deferred execution scheduler.
         Starting Virtualbox guest utils...
[[0;32m  OK  [0m] Started Resets System Activity Data Collector.
[[0;32m  OK  [0m] Started Permit User Sessions.
         Starting Authorization Manager...
         Starting Terminate Plymouth Boot Screen...
         Starting Hold until boot process finishes up...
[[0;32m  OK  [0m] Started Login Service.
[[0;32m  OK  [0m] Started Unattended Upgrades Shutdown.
[[0;32m  OK  [0m] Started Terminate Plymouth Boot Screen.
[[0;32m  OK  [0m] Started Hold until boot process finishes up.
         Starting Set console scheme...
[[0;32m  OK  [0m] Started Serial Getty on ttyS0.
[[0;32m  OK  [0m] Started System Logging Service.
[[0;32m  OK  [0m] Started Set console scheme.
[[0;32m  OK  [0m] Created slice system-getty.slice.
[[0;32m  OK  [0m] Started Getty on tty1.
[[0;32m  OK  [0m] Reached target Login Prompts.
[[0;32m  OK  [0m] Started Authorization Manager.
[[0;32m  OK  [0m] Started Accounts Service.
[[0;32m  OK  [0m] Started LSB: automatic crash report generation.
[[0;32m  OK  [0m] Started LSB: Record successful boot for GRUB.
[[0;32m  OK  [0m] Started OpenBSD Secure Shell server.
[[0;32m  OK  [0m] Started Virtualbox guest utils.
[[0;32m  OK  [0m] Created slice User Slice of vagrant.
[[0;32m  OK  [0m] Started Dispatcher daemon for systemd-networkd.
[[0;32m  OK  [0m] Started Session 1 of user vagrant.
         Starting User Manager for UID 1000...

Ubuntu 18.04.6 LTS ubuntu-bionic ttyS0

ubuntu-bionic login: [   49.346070] cloud-init[1204]: Cloud-init v. 21.4-0ubuntu1~18.04.1 running 'modules:config' at Thu, 14 Apr 2022 12:05:26 +0000. Up 48.64 seconds.
[   52.889747] cloud-init[1362]: Cloud-init v. 21.4-0ubuntu1~18.04.1 running 'modules:final' at Thu, 14 Apr 2022 12:05:29 +0000. Up 51.95 seconds.
[   52.890407] cloud-init[1362]: Cloud-init v. 21.4-0ubuntu1~18.04.1 finished at Thu, 14 Apr 2022 12:05:30 +0000. Datasource DataSourceNoCloud [seed=/dev/sdb][dsmode=net].  Up 52.84 seconds
         Stopping Authorization Manager...
         Stopping User Manager for UID 1000...
[[0;32m  OK  [0m] Stopped target Host and Network Name Lookups.
         Stopping Availability of block devices...
         Stopping Session 4 of user vagrant.
[[0;32m  OK  [0m] Stopped target Cloud-init target.
[[0;32m  OK  [0m] Stopped Execute cloud user/final scripts.
         Stopping LXD - container startup/shutdown...
[[0;32m  OK  [0m] Stopped target Timers.
[[0;32m  OK  [0m] Stopped Discard unused blocks once a week.
[[0;32m  OK  [0m] Stopped Ubuntu Advantage Timer for running repeated jobs.
[[0;32m  OK  [0m] Stopped Message of the Day.
[[0;32m  OK  [0m] Stopped Daily apt upgrade and clean activities.
[[0;32m  OK  [0m] Stopped Daily Cleanup of Temporary Directories.
[[0;32m  OK  [0m] Stopped Daily apt download activities.
[[0;32m  OK  [0m] Stopped target System Time Synchronized.
         Stopping System Logging Service...
[[0;32m  OK  [0m] Stopped Apply the settings specified in cloud-config.
[[0;32m  OK  [0m] Stopped target Cloud-config availability.
[[0;32m  OK  [0m] Stopped target Network is Online.
[[0;32m  OK  [0m] Stopped Wait until snapd is fully seeded.
         Stopping FUSE filesystem for LXC...
[[0;32m  OK  [0m] Stopped Accounts Service.
[[0;32m  OK  [0m] Unmounted /var/lib/lxcfs.
[[0;32m  OK  [0m] Stopped Dispatcher daemon for systemd-networkd.
[[0;32m  OK  [0m] Stopped Regular background program processing daemon.
[[0;32m  OK  [0m] Stopped Deferred execution scheduler.
[[0;32m  OK  [0m] Stopped Authorization Manager.
[[0;32m  OK  [0m] Stopped Serial Getty on ttyS0.
[[0;32m  OK  [0m] Stopped Getty on tty1.
[[0;32m  OK  [0m] Stopped OpenBSD Secure Shell server.
[[0;32m  OK  [0m] Stopped User Manager for UID 1000.
[[0;32m  OK  [0m] Stopped D-Bus System Message Bus.
[[0;32m  OK  [0m] Stopped FUSE filesystem for LXC.
[[0;32m  OK  [0m] Stopped Session 4 of user vagrant.
[[0;32m  OK  [0m] Stopped System Logging Service.
[[0;32m  OK  [0m] Removed slice User Slice of vagrant.
         Stopping Login Service...
[[0;32m  OK  [0m] Removed slice system-getty.slice.
         Stopping Permit User Sessions...
[[0;32m  OK  [0m] Removed slice system-serial\x2dgetty.slice.
[[0;32m  OK  [0m] Stopped Login Service.
[[0;32m  OK  [0m] Stopped LXD - container startup/shutdown.
[[0;32m  OK  [0m] Stopped Permit User Sessions.
[[0;32m  OK  [0m] Stopped target User and Group Name Lookups.
[[0;32m  OK  [0m] Stopped LSB: Record successful boot for GRUB.
[[0;32m  OK  [0m] Stopped Availability of block devices.
[[0;32m  OK  [0m] Stopped LSB: automatic crash report generation.
[[0;32m  OK  [0m] Stopped target Remote File Systems.
[[0;32m  OK  [0m] Stopped target Remote File Systems (Pre).
[[0;32m  OK  [0m] Stopped Virtualbox guest utils.
[[0;32m  OK  [0m] Stopped PostgreSQL Cluster 12-main.
[[0;32m  OK  [0m] Stopped target Basic System.
[[0;32m  OK  [0m] Stopped target Paths.
[[0;32m  OK  [0m] Stopped Trigger to poll for Ubuntu â€¦(Only enabled on GCP LTS non-pro).
[[0;32m  OK  [0m] Stopped ACPI Events Check.
[[0;32m  OK  [0m] Stopped target Slices.
[[0;32m  OK  [0m] Removed slice User and Session Slice.
[[0;32m  OK  [0m] Stopped target Sockets.
[[0;32m  OK  [0m] Closed LXD - unix socket.
[[0;32m  OK  [0m] Closed ACPID Listen Socket.
[[0;32m  OK  [0m] Closed Syslog Socket.
[[0;32m  OK  [0m] Closed Open-iSCSI iscsid Socket.
[[0;32m  OK  [0m] Closed Socket activation for snappy daemon.
[[0;32m  OK  [0m] Closed UUID daemon activation socket.
[[0;32m  OK  [0m] Closed cloud-init hotplug hook socket.
[[0;32m  OK  [0m] Closed D-Bus System Message Bus Socket.
[[0;32m  OK  [0m] Removed slice system-postgresql.slice.
[[0;32m  OK  [0m] Stopped target System Initialization.
[[0;32m  OK  [0m] Stopped target Local Encrypted Volumes.
[[0;32m  OK  [0m] Stopped Forward Password Requests to Wall Directory Watch.
[[0;32m  OK  [0m] Stopped Dispatch Password Requests to Console Directory Watch.
         Stopping Update UTMP about System Boot/Shutdown...
[[0;32m  OK  [0m] Stopped Initial cloud-init job (metadata service crawler).
[[0;32m  OK  [0m] Stopped Wait for Network to be Configured.
         Stopping Load/Save Random Seed...
[[0;32m  OK  [0m] Stopped target Network.
         Stopping Network Name Resolution...
[[0;32m  OK  [0m] Stopped Network Name Resolution.
[[0;32m  OK  [0m] Stopped Update UTMP about System Boot/Shutdown.
         Stopping Network Service...
[[0;32m  OK  [0m] Stopped Create Volatile Files and Directories.
[[0;32m  OK  [0m] Stopped target Local File Systems.
         Unmounting /run/user/1000...
[[0;32m  OK  [0m] Stopped Load/Save Random Seed.
[[0;32m  OK  [0m] Stopped Network Service.
[[0;32m  OK  [0m] Unmounted /run/user/1000.
[[0;32m  OK  [0m] Reached target Unmount All Filesystems.
[[0;32m  OK  [0m] Stopped target Local File Systems (Pre).
         Stopping Monitoring of LVM2 mirrorsâ€¦ng dmeventd or progress polling...
[[0;32m  OK  [0m] Stopped Create Static Device Nodes in /dev.
[[0;32m  OK  [0m] Stopped target Swap.
[[0;32m  OK  [0m] Stopped Apply Kernel Variables.
[[0;32m  OK  [0m] Stopped Load Kernel Modules.
[[0;32m  OK  [0m] Stopped target Network (Pre).
[[0;32m  OK  [0m] Stopped Initial cloud-init job (pre-networking).
[[0;32m  OK  [0m] Stopped Remount Root and Kernel File Systems.
[[0;32m  OK  [0m] Reached target Shutdown.
[[0;32m  OK  [0m] Reached target Final Step.
         Starting Power-Off...
[  344.680128] reboot: Power down
